// Jest Snapshot v1, https://goo.gl/fbAQLP

exports[`rollupJestBoilerplate rollupJestBoilerplate(string) 1`] = `
Object {
  "awesomeString": "cool",
}
`;
